  0%|          | 0/1 [00:00<?, ?it/s]100%|##########| 1/1 [00:00<00:00,  3.85it/s]100%|##########| 1/1 [00:00<00:00,  3.85it/s]
