2025-12-11 07:16:43,889 [BombeRLeWorld] INFO: Initializing game world
2025-12-11 07:16:44,149 [BombeRLeWorld] INFO: STARTING ROUND #1
2025-12-11 07:16:44,191 [BombeRLeWorld] INFO: STARTING STEP 1
2025-12-11 07:16:44,194 [BombeRLeWorld] INFO: Agent <totoro_0> chose action RIGHT in 0.00s.
2025-12-11 07:16:44,194 [BombeRLeWorld] INFO: Agent <totoro_0> stayed within acceptable think time.
2025-12-11 07:16:44,194 [BombeRLeWorld] INFO: Agent <rule_based_agent_1> chose action LEFT in 0.00s.
2025-12-11 07:16:44,194 [BombeRLeWorld] INFO: Agent <rule_based_agent_1> stayed within acceptable think time.
2025-12-11 07:16:44,195 [BombeRLeWorld] INFO: Agent <totoro_1> chose action DOWN in 0.00s.
2025-12-11 07:16:44,195 [BombeRLeWorld] INFO: Agent <totoro_1> stayed within acceptable think time.
2025-12-11 07:16:44,195 [BombeRLeWorld] INFO: Agent <rule_based_agent_0> chose action LEFT in 0.00s.
2025-12-11 07:16:44,195 [BombeRLeWorld] INFO: Agent <rule_based_agent_0> stayed within acceptable think time.
2025-12-11 07:16:44,280 [BombeRLeWorld] INFO: STARTING STEP 2
2025-12-11 07:16:44,283 [BombeRLeWorld] INFO: Agent <rule_based_agent_1> chose action LEFT in 0.00s.
2025-12-11 07:16:44,283 [BombeRLeWorld] INFO: Agent <rule_based_agent_1> stayed within acceptable think time.
2025-12-11 07:16:44,283 [BombeRLeWorld] INFO: Agent <rule_based_agent_0> chose action BOMB in 0.00s.
2025-12-11 07:16:44,283 [BombeRLeWorld] INFO: Agent <rule_based_agent_0> stayed within acceptable think time.
2025-12-11 07:16:44,283 [BombeRLeWorld] INFO: Agent <rule_based_agent_0> drops bomb at (np.int64(14), np.int64(15))
2025-12-11 07:16:44,283 [BombeRLeWorld] INFO: Agent <totoro_0> chose action LEFT in 0.00s.
2025-12-11 07:16:44,284 [BombeRLeWorld] INFO: Agent <totoro_0> stayed within acceptable think time.
2025-12-11 07:16:44,284 [BombeRLeWorld] INFO: Agent <totoro_1> chose action UP in 0.00s.
2025-12-11 07:16:44,284 [BombeRLeWorld] INFO: Agent <totoro_1> stayed within acceptable think time.
2025-12-11 07:16:44,372 [BombeRLeWorld] INFO: STARTING STEP 3
2025-12-11 07:16:44,375 [BombeRLeWorld] INFO: Agent <totoro_1> chose action RIGHT in 0.00s.
2025-12-11 07:16:44,375 [BombeRLeWorld] INFO: Agent <totoro_1> stayed within acceptable think time.
2025-12-11 07:16:44,375 [BombeRLeWorld] INFO: Agent <totoro_0> chose action RIGHT in 0.00s.
2025-12-11 07:16:44,376 [BombeRLeWorld] INFO: Agent <totoro_0> stayed within acceptable think time.
2025-12-11 07:16:44,376 [BombeRLeWorld] INFO: Agent <rule_based_agent_1> chose action BOMB in 0.00s.
2025-12-11 07:16:44,376 [BombeRLeWorld] INFO: Agent <rule_based_agent_1> stayed within acceptable think time.
2025-12-11 07:16:44,376 [BombeRLeWorld] INFO: Agent <rule_based_agent_1> drops bomb at (np.int64(13), np.int64(1))
2025-12-11 07:16:44,376 [BombeRLeWorld] INFO: Agent <rule_based_agent_0> chose action RIGHT in 0.00s.
2025-12-11 07:16:44,376 [BombeRLeWorld] INFO: Agent <rule_based_agent_0> stayed within acceptable think time.
2025-12-11 07:16:44,475 [BombeRLeWorld] INFO: STARTING STEP 4
2025-12-11 07:16:44,479 [BombeRLeWorld] INFO: Agent <rule_based_agent_0> chose action UP in 0.00s.
2025-12-11 07:16:44,479 [BombeRLeWorld] INFO: Agent <rule_based_agent_0> stayed within acceptable think time.
2025-12-11 07:16:44,479 [BombeRLeWorld] INFO: Agent <totoro_0> chose action LEFT in 0.00s.
2025-12-11 07:16:44,479 [BombeRLeWorld] INFO: Agent <totoro_0> stayed within acceptable think time.
2025-12-11 07:16:44,479 [BombeRLeWorld] INFO: Agent <totoro_1> chose action LEFT in 0.00s.
2025-12-11 07:16:44,480 [BombeRLeWorld] INFO: Agent <totoro_1> stayed within acceptable think time.
2025-12-11 07:16:44,480 [BombeRLeWorld] INFO: Agent <rule_based_agent_1> chose action RIGHT in 0.00s.
2025-12-11 07:16:44,480 [BombeRLeWorld] INFO: Agent <rule_based_agent_1> stayed within acceptable think time.
2025-12-11 07:16:44,576 [BombeRLeWorld] INFO: STARTING STEP 5
2025-12-11 07:16:44,579 [BombeRLeWorld] INFO: Agent <rule_based_agent_0> chose action UP in 0.00s.
2025-12-11 07:16:44,579 [BombeRLeWorld] INFO: Agent <rule_based_agent_0> stayed within acceptable think time.
2025-12-11 07:16:44,579 [BombeRLeWorld] INFO: Agent <totoro_0> chose action UP in 0.00s.
2025-12-11 07:16:44,579 [BombeRLeWorld] INFO: Agent <totoro_0> stayed within acceptable think time.
2025-12-11 07:16:44,579 [BombeRLeWorld] INFO: Agent <rule_based_agent_1> chose action RIGHT in 0.00s.
2025-12-11 07:16:44,579 [BombeRLeWorld] INFO: Agent <rule_based_agent_1> stayed within acceptable think time.
2025-12-11 07:16:44,580 [BombeRLeWorld] INFO: Agent <totoro_1> chose action DOWN in 0.00s.
2025-12-11 07:16:44,580 [BombeRLeWorld] INFO: Agent <totoro_1> stayed within acceptable think time.
2025-12-11 07:16:44,672 [BombeRLeWorld] INFO: STARTING STEP 6
2025-12-11 07:16:44,675 [BombeRLeWorld] INFO: Agent <totoro_1> chose action UP in 0.00s.
2025-12-11 07:16:44,675 [BombeRLeWorld] INFO: Agent <totoro_1> stayed within acceptable think time.
2025-12-11 07:16:44,675 [BombeRLeWorld] INFO: Agent <rule_based_agent_1> chose action DOWN in 0.00s.
2025-12-11 07:16:44,675 [BombeRLeWorld] INFO: Agent <rule_based_agent_1> stayed within acceptable think time.
2025-12-11 07:16:44,675 [BombeRLeWorld] INFO: Agent <totoro_0> chose action BOMB in 0.00s.
2025-12-11 07:16:44,675 [BombeRLeWorld] INFO: Agent <totoro_0> stayed within acceptable think time.
2025-12-11 07:16:44,675 [BombeRLeWorld] INFO: Agent <totoro_0> drops bomb at (np.int64(1), np.int64(14))
2025-12-11 07:16:44,676 [BombeRLeWorld] INFO: Agent <rule_based_agent_0> chose action DOWN in 0.00s.
2025-12-11 07:16:44,676 [BombeRLeWorld] INFO: Agent <rule_based_agent_0> stayed within acceptable think time.
2025-12-11 07:16:44,676 [BombeRLeWorld] INFO: Agent <rule_based_agent_0>'s bomb at (np.int64(14), np.int64(15)) explodes
2025-12-11 07:16:44,767 [BombeRLeWorld] INFO: STARTING STEP 7
2025-12-11 07:16:44,771 [BombeRLeWorld] INFO: Agent <totoro_1> chose action RIGHT in 0.00s.
2025-12-11 07:16:44,772 [BombeRLeWorld] INFO: Agent <totoro_1> stayed within acceptable think time.
2025-12-11 07:16:44,772 [BombeRLeWorld] INFO: Agent <rule_based_agent_1> chose action DOWN in 0.00s.
2025-12-11 07:16:44,772 [BombeRLeWorld] INFO: Agent <rule_based_agent_1> stayed within acceptable think time.
2025-12-11 07:16:44,772 [BombeRLeWorld] INFO: Agent <rule_based_agent_0> chose action UP in 0.00s.
2025-12-11 07:16:44,772 [BombeRLeWorld] INFO: Agent <rule_based_agent_0> stayed within acceptable think time.
2025-12-11 07:16:44,772 [BombeRLeWorld] INFO: Agent <totoro_0> chose action DOWN in 0.00s.
2025-12-11 07:16:44,772 [BombeRLeWorld] INFO: Agent <totoro_0> stayed within acceptable think time.
2025-12-11 07:16:44,773 [BombeRLeWorld] INFO: Agent <rule_based_agent_1>'s bomb at (np.int64(13), np.int64(1)) explodes
2025-12-11 07:16:44,773 [BombeRLeWorld] INFO: Coin found at (np.int64(13), np.int64(4))
2025-12-11 07:16:44,866 [BombeRLeWorld] INFO: STARTING STEP 8
2025-12-11 07:16:44,869 [BombeRLeWorld] INFO: Agent <rule_based_agent_1> chose action DOWN in 0.00s.
2025-12-11 07:16:44,869 [BombeRLeWorld] INFO: Agent <rule_based_agent_1> stayed within acceptable think time.
2025-12-11 07:16:44,869 [BombeRLeWorld] INFO: Agent <totoro_1> chose action LEFT in 0.00s.
2025-12-11 07:16:44,869 [BombeRLeWorld] INFO: Agent <totoro_1> stayed within acceptable think time.
2025-12-11 07:16:44,869 [BombeRLeWorld] INFO: Agent <totoro_0> chose action RIGHT in 0.00s.
2025-12-11 07:16:44,870 [BombeRLeWorld] INFO: Agent <totoro_0> stayed within acceptable think time.
2025-12-11 07:16:44,870 [BombeRLeWorld] INFO: Agent <rule_based_agent_0> chose action DOWN in 0.00s.
2025-12-11 07:16:44,870 [BombeRLeWorld] INFO: Agent <rule_based_agent_0> stayed within acceptable think time.
2025-12-11 07:16:44,970 [BombeRLeWorld] INFO: STARTING STEP 9
2025-12-11 07:16:44,973 [BombeRLeWorld] INFO: Agent <rule_based_agent_1> chose action UP in 0.00s.
2025-12-11 07:16:44,973 [BombeRLeWorld] INFO: Agent <rule_based_agent_1> stayed within acceptable think time.
2025-12-11 07:16:44,973 [BombeRLeWorld] INFO: Agent <totoro_1> chose action RIGHT in 0.00s.
2025-12-11 07:16:44,974 [BombeRLeWorld] INFO: Agent <totoro_1> stayed within acceptable think time.
2025-12-11 07:16:44,974 [BombeRLeWorld] INFO: Agent <totoro_0> chose action LEFT in 0.00s.
2025-12-11 07:16:44,974 [BombeRLeWorld] INFO: Agent <totoro_0> stayed within acceptable think time.
2025-12-11 07:16:44,974 [BombeRLeWorld] INFO: Agent <rule_based_agent_0> chose action UP in 0.00s.
2025-12-11 07:16:44,974 [BombeRLeWorld] INFO: Agent <rule_based_agent_0> stayed within acceptable think time.
2025-12-11 07:16:45,068 [BombeRLeWorld] INFO: STARTING STEP 10
2025-12-11 07:16:45,071 [BombeRLeWorld] INFO: Agent <rule_based_agent_1> chose action DOWN in 0.00s.
2025-12-11 07:16:45,071 [BombeRLeWorld] INFO: Agent <rule_based_agent_1> stayed within acceptable think time.
2025-12-11 07:16:45,071 [BombeRLeWorld] INFO: Agent <totoro_0> chose action RIGHT in 0.00s.
2025-12-11 07:16:45,071 [BombeRLeWorld] INFO: Agent <totoro_0> stayed within acceptable think time.
2025-12-11 07:16:45,071 [BombeRLeWorld] INFO: Agent <totoro_1> chose action LEFT in 0.00s.
2025-12-11 07:16:45,072 [BombeRLeWorld] INFO: Agent <totoro_1> stayed within acceptable think time.
2025-12-11 07:16:45,072 [BombeRLeWorld] INFO: Agent <rule_based_agent_0> chose action BOMB in 0.00s.
2025-12-11 07:16:45,072 [BombeRLeWorld] INFO: Agent <rule_based_agent_0> stayed within acceptable think time.
2025-12-11 07:16:45,072 [BombeRLeWorld] INFO: Agent <rule_based_agent_0> drops bomb at (np.int64(15), np.int64(13))
2025-12-11 07:16:45,072 [BombeRLeWorld] INFO: Agent <totoro_0>'s bomb at (np.int64(1), np.int64(14)) explodes
2025-12-11 07:16:45,165 [BombeRLeWorld] INFO: STARTING STEP 11
2025-12-11 07:16:45,169 [BombeRLeWorld] INFO: Agent <totoro_0> chose action WAIT in 0.00s.
2025-12-11 07:16:45,170 [BombeRLeWorld] INFO: Agent <totoro_0> stayed within acceptable think time.
2025-12-11 07:16:45,170 [BombeRLeWorld] INFO: Agent <rule_based_agent_0> chose action DOWN in 0.00s.
2025-12-11 07:16:45,170 [BombeRLeWorld] INFO: Agent <rule_based_agent_0> stayed within acceptable think time.
2025-12-11 07:16:45,170 [BombeRLeWorld] INFO: Agent <rule_based_agent_1> chose action BOMB in 0.00s.
2025-12-11 07:16:45,170 [BombeRLeWorld] INFO: Agent <rule_based_agent_1> stayed within acceptable think time.
2025-12-11 07:16:45,170 [BombeRLeWorld] INFO: Agent <rule_based_agent_1> drops bomb at (np.int64(15), np.int64(4))
2025-12-11 07:16:45,170 [BombeRLeWorld] INFO: Agent <totoro_1> chose action RIGHT in 0.00s.
2025-12-11 07:16:45,171 [BombeRLeWorld] INFO: Agent <totoro_1> stayed within acceptable think time.
2025-12-11 07:16:45,269 [BombeRLeWorld] INFO: STARTING STEP 12
2025-12-11 07:16:45,273 [BombeRLeWorld] INFO: Agent <totoro_0> chose action LEFT in 0.00s.
2025-12-11 07:16:45,274 [BombeRLeWorld] INFO: Agent <totoro_0> stayed within acceptable think time.
2025-12-11 07:16:45,274 [BombeRLeWorld] INFO: Agent <rule_based_agent_0> chose action DOWN in 0.00s.
2025-12-11 07:16:45,274 [BombeRLeWorld] INFO: Agent <rule_based_agent_0> stayed within acceptable think time.
2025-12-11 07:16:45,274 [BombeRLeWorld] INFO: Agent <rule_based_agent_1> chose action UP in 0.00s.
2025-12-11 07:16:45,274 [BombeRLeWorld] INFO: Agent <rule_based_agent_1> stayed within acceptable think time.
2025-12-11 07:16:45,274 [BombeRLeWorld] INFO: Agent <totoro_1> chose action LEFT in 0.00s.
2025-12-11 07:16:45,274 [BombeRLeWorld] INFO: Agent <totoro_1> stayed within acceptable think time.
2025-12-11 07:16:45,385 [BombeRLeWorld] INFO: STARTING STEP 13
2025-12-11 07:16:45,390 [BombeRLeWorld] INFO: Agent <totoro_0> chose action RIGHT in 0.00s.
2025-12-11 07:16:45,390 [BombeRLeWorld] INFO: Agent <totoro_0> stayed within acceptable think time.
2025-12-11 07:16:45,390 [BombeRLeWorld] INFO: Agent <rule_based_agent_0> chose action LEFT in 0.00s.
2025-12-11 07:16:45,391 [BombeRLeWorld] INFO: Agent <rule_based_agent_0> stayed within acceptable think time.
2025-12-11 07:16:45,391 [BombeRLeWorld] INFO: Agent <totoro_1> chose action RIGHT in 0.00s.
2025-12-11 07:16:45,391 [BombeRLeWorld] INFO: Agent <totoro_1> stayed within acceptable think time.
2025-12-11 07:16:45,391 [BombeRLeWorld] INFO: Agent <rule_based_agent_1> chose action UP in 0.00s.
2025-12-11 07:16:45,391 [BombeRLeWorld] INFO: Agent <rule_based_agent_1> stayed within acceptable think time.
2025-12-11 07:16:45,503 [BombeRLeWorld] INFO: STARTING STEP 14
2025-12-11 07:16:45,507 [BombeRLeWorld] INFO: Agent <rule_based_agent_1> chose action UP in 0.00s.
2025-12-11 07:16:45,507 [BombeRLeWorld] INFO: Agent <rule_based_agent_1> stayed within acceptable think time.
2025-12-11 07:16:45,507 [BombeRLeWorld] INFO: Agent <totoro_0> chose action LEFT in 0.00s.
2025-12-11 07:16:45,508 [BombeRLeWorld] INFO: Agent <totoro_0> stayed within acceptable think time.
2025-12-11 07:16:45,508 [BombeRLeWorld] INFO: Agent <totoro_1> chose action LEFT in 0.00s.
2025-12-11 07:16:45,508 [BombeRLeWorld] INFO: Agent <totoro_1> stayed within acceptable think time.
2025-12-11 07:16:45,508 [BombeRLeWorld] INFO: Agent <rule_based_agent_0> chose action LEFT in 0.00s.
2025-12-11 07:16:45,508 [BombeRLeWorld] INFO: Agent <rule_based_agent_0> stayed within acceptable think time.
2025-12-11 07:16:45,508 [BombeRLeWorld] INFO: Agent <rule_based_agent_0>'s bomb at (np.int64(15), np.int64(13)) explodes
2025-12-11 07:16:45,617 [BombeRLeWorld] INFO: STARTING STEP 15
2025-12-11 07:16:45,622 [BombeRLeWorld] INFO: Agent <rule_based_agent_0> chose action LEFT in 0.00s.
2025-12-11 07:16:45,622 [BombeRLeWorld] INFO: Agent <rule_based_agent_0> stayed within acceptable think time.
2025-12-11 07:16:45,622 [BombeRLeWorld] INFO: Agent <rule_based_agent_1> chose action LEFT in 0.00s.
2025-12-11 07:16:45,622 [BombeRLeWorld] INFO: Agent <rule_based_agent_1> stayed within acceptable think time.
2025-12-11 07:16:45,622 [BombeRLeWorld] INFO: Agent <totoro_0> chose action RIGHT in 0.00s.
2025-12-11 07:16:45,622 [BombeRLeWorld] INFO: Agent <totoro_0> stayed within acceptable think time.
2025-12-11 07:16:45,622 [BombeRLeWorld] INFO: Agent <totoro_1> chose action DOWN in 0.00s.
2025-12-11 07:16:45,623 [BombeRLeWorld] INFO: Agent <totoro_1> stayed within acceptable think time.
2025-12-11 07:16:45,623 [BombeRLeWorld] INFO: Agent <rule_based_agent_1>'s bomb at (np.int64(15), np.int64(4)) explodes
2025-12-11 07:16:45,719 [BombeRLeWorld] INFO: STARTING STEP 16
2025-12-11 07:16:45,723 [BombeRLeWorld] INFO: Agent <rule_based_agent_1> chose action LEFT in 0.00s.
2025-12-11 07:16:45,723 [BombeRLeWorld] INFO: Agent <rule_based_agent_1> stayed within acceptable think time.
2025-12-11 07:16:45,724 [BombeRLeWorld] INFO: Agent <totoro_0> chose action BOMB in 0.00s.
2025-12-11 07:16:45,724 [BombeRLeWorld] INFO: Agent <totoro_0> stayed within acceptable think time.
2025-12-11 07:16:45,724 [BombeRLeWorld] INFO: Agent <totoro_0> drops bomb at (np.int64(2), np.int64(15))
2025-12-11 07:16:45,724 [BombeRLeWorld] INFO: Agent <rule_based_agent_0> chose action LEFT in 0.00s.
2025-12-11 07:16:45,724 [BombeRLeWorld] INFO: Agent <rule_based_agent_0> stayed within acceptable think time.
2025-12-11 07:16:45,724 [BombeRLeWorld] INFO: Agent <totoro_1> chose action UP in 0.00s.
2025-12-11 07:16:45,724 [BombeRLeWorld] INFO: Agent <totoro_1> stayed within acceptable think time.
2025-12-11 07:16:45,797 [BombeRLeWorld] INFO: STARTING STEP 17
2025-12-11 07:16:45,802 [BombeRLeWorld] INFO: Agent <totoro_0> chose action LEFT in 0.00s.
2025-12-11 07:16:45,802 [BombeRLeWorld] INFO: Agent <totoro_0> stayed within acceptable think time.
2025-12-11 07:16:45,802 [BombeRLeWorld] INFO: Agent <rule_based_agent_1> chose action DOWN in 0.00s.
2025-12-11 07:16:45,802 [BombeRLeWorld] INFO: Agent <rule_based_agent_1> stayed within acceptable think time.
2025-12-11 07:16:45,802 [BombeRLeWorld] INFO: Agent <rule_based_agent_0> chose action BOMB in 0.00s.
2025-12-11 07:16:45,802 [BombeRLeWorld] INFO: Agent <rule_based_agent_0> stayed within acceptable think time.
2025-12-11 07:16:45,802 [BombeRLeWorld] INFO: Agent <rule_based_agent_0> drops bomb at (np.int64(11), np.int64(15))
2025-12-11 07:16:45,803 [BombeRLeWorld] INFO: Agent <totoro_1> chose action DOWN in 0.00s.
2025-12-11 07:16:45,803 [BombeRLeWorld] INFO: Agent <totoro_1> stayed within acceptable think time.
2025-12-11 07:16:45,892 [BombeRLeWorld] INFO: STARTING STEP 18
2025-12-11 07:16:45,896 [BombeRLeWorld] INFO: Agent <totoro_1> chose action UP in 0.00s.
2025-12-11 07:16:45,897 [BombeRLeWorld] INFO: Agent <totoro_1> stayed within acceptable think time.
2025-12-11 07:16:45,897 [BombeRLeWorld] INFO: Agent <totoro_0> chose action UP in 0.00s.
2025-12-11 07:16:45,897 [BombeRLeWorld] INFO: Agent <totoro_0> stayed within acceptable think time.
2025-12-11 07:16:45,897 [BombeRLeWorld] INFO: Agent <rule_based_agent_1> chose action DOWN in 0.00s.
2025-12-11 07:16:45,897 [BombeRLeWorld] INFO: Agent <rule_based_agent_1> stayed within acceptable think time.
2025-12-11 07:16:45,897 [BombeRLeWorld] INFO: Agent <rule_based_agent_0> chose action RIGHT in 0.00s.
2025-12-11 07:16:45,898 [BombeRLeWorld] INFO: Agent <rule_based_agent_0> stayed within acceptable think time.
2025-12-11 07:16:46,020 [BombeRLeWorld] INFO: STARTING STEP 19
2025-12-11 07:16:46,024 [BombeRLeWorld] INFO: Agent <totoro_0> chose action DOWN in 0.00s.
2025-12-11 07:16:46,024 [BombeRLeWorld] INFO: Agent <totoro_0> stayed within acceptable think time.
2025-12-11 07:16:46,024 [BombeRLeWorld] INFO: Agent <rule_based_agent_1> chose action DOWN in 0.00s.
2025-12-11 07:16:46,024 [BombeRLeWorld] INFO: Agent <rule_based_agent_1> stayed within acceptable think time.
2025-12-11 07:16:46,025 [BombeRLeWorld] INFO: Agent <rule_based_agent_0> chose action RIGHT in 0.00s.
2025-12-11 07:16:46,025 [BombeRLeWorld] INFO: Agent <rule_based_agent_0> stayed within acceptable think time.
2025-12-11 07:16:46,025 [BombeRLeWorld] INFO: Agent <totoro_1> chose action RIGHT in 0.00s.
2025-12-11 07:16:46,025 [BombeRLeWorld] INFO: Agent <totoro_1> stayed within acceptable think time.
2025-12-11 07:16:46,025 [BombeRLeWorld] INFO: Agent <rule_based_agent_1> picked up coin at (np.int64(13), np.int64(4)) and receives 1 point
2025-12-11 07:16:46,120 [BombeRLeWorld] INFO: STARTING STEP 20
2025-12-11 07:16:46,124 [BombeRLeWorld] INFO: Agent <totoro_1> chose action LEFT in 0.00s.
2025-12-11 07:16:46,124 [BombeRLeWorld] INFO: Agent <totoro_1> stayed within acceptable think time.
2025-12-11 07:16:46,124 [BombeRLeWorld] INFO: Agent <rule_based_agent_0> chose action UP in 0.00s.
2025-12-11 07:16:46,124 [BombeRLeWorld] INFO: Agent <rule_based_agent_0> stayed within acceptable think time.
2025-12-11 07:16:46,125 [BombeRLeWorld] INFO: Agent <totoro_0> chose action UP in 0.00s.
2025-12-11 07:16:46,125 [BombeRLeWorld] INFO: Agent <totoro_0> stayed within acceptable think time.
2025-12-11 07:16:46,125 [BombeRLeWorld] INFO: Agent <rule_based_agent_1> chose action BOMB in 0.00s.
2025-12-11 07:16:46,125 [BombeRLeWorld] INFO: Agent <rule_based_agent_1> stayed within acceptable think time.
2025-12-11 07:16:46,125 [BombeRLeWorld] INFO: Agent <rule_based_agent_1> drops bomb at (np.int64(13), np.int64(4))
2025-12-11 07:16:46,125 [BombeRLeWorld] INFO: Agent <totoro_0>'s bomb at (np.int64(2), np.int64(15)) explodes
2025-12-11 07:16:46,223 [BombeRLeWorld] INFO: STARTING STEP 21
2025-12-11 07:16:46,227 [BombeRLeWorld] INFO: Agent <totoro_0> chose action UP in 0.00s.
2025-12-11 07:16:46,227 [BombeRLeWorld] INFO: Agent <totoro_0> stayed within acceptable think time.
2025-12-11 07:16:46,227 [BombeRLeWorld] INFO: Agent <rule_based_agent_1> chose action UP in 0.00s.
2025-12-11 07:16:46,227 [BombeRLeWorld] INFO: Agent <rule_based_agent_1> stayed within acceptable think time.
2025-12-11 07:16:46,227 [BombeRLeWorld] INFO: Agent <rule_based_agent_0> chose action UP in 0.00s.
2025-12-11 07:16:46,227 [BombeRLeWorld] INFO: Agent <rule_based_agent_0> stayed within acceptable think time.
2025-12-11 07:16:46,227 [BombeRLeWorld] INFO: Agent <totoro_1> chose action DOWN in 0.00s.
2025-12-11 07:16:46,228 [BombeRLeWorld] INFO: Agent <totoro_1> stayed within acceptable think time.
2025-12-11 07:16:46,228 [BombeRLeWorld] INFO: Agent <rule_based_agent_0>'s bomb at (np.int64(11), np.int64(15)) explodes
2025-12-11 07:16:46,228 [BombeRLeWorld] INFO: Coin found at (np.int64(8), np.int64(15))
2025-12-11 07:16:46,318 [BombeRLeWorld] INFO: STARTING STEP 22
2025-12-11 07:16:46,323 [BombeRLeWorld] INFO: Agent <totoro_0> chose action DOWN in 0.00s.
2025-12-11 07:16:46,323 [BombeRLeWorld] INFO: Agent <totoro_0> stayed within acceptable think time.
2025-12-11 07:16:46,323 [BombeRLeWorld] INFO: Agent <totoro_1> chose action UP in 0.00s.
2025-12-11 07:16:46,323 [BombeRLeWorld] INFO: Agent <totoro_1> stayed within acceptable think time.
2025-12-11 07:16:46,323 [BombeRLeWorld] INFO: Agent <rule_based_agent_0> chose action LEFT in 0.00s.
2025-12-11 07:16:46,323 [BombeRLeWorld] INFO: Agent <rule_based_agent_0> stayed within acceptable think time.
2025-12-11 07:16:46,323 [BombeRLeWorld] INFO: Agent <rule_based_agent_1> chose action LEFT in 0.00s.
2025-12-11 07:16:46,324 [BombeRLeWorld] INFO: Agent <rule_based_agent_1> stayed within acceptable think time.
2025-12-11 07:16:46,424 [BombeRLeWorld] INFO: STARTING STEP 23
2025-12-11 07:16:46,427 [BombeRLeWorld] INFO: Agent <totoro_1> chose action DOWN in 0.00s.
2025-12-11 07:16:46,427 [BombeRLeWorld] INFO: Agent <totoro_1> stayed within acceptable think time.
2025-12-11 07:16:46,427 [BombeRLeWorld] INFO: Agent <rule_based_agent_0> chose action LEFT in 0.00s.
2025-12-11 07:16:46,428 [BombeRLeWorld] INFO: Agent <rule_based_agent_0> stayed within acceptable think time.
2025-12-11 07:16:46,428 [BombeRLeWorld] INFO: Agent <rule_based_agent_1> chose action RIGHT in 0.00s.
2025-12-11 07:16:46,428 [BombeRLeWorld] INFO: Agent <rule_based_agent_1> stayed within acceptable think time.
2025-12-11 07:16:46,428 [BombeRLeWorld] INFO: Agent <totoro_0> chose action UP in 0.00s.
2025-12-11 07:16:46,428 [BombeRLeWorld] INFO: Agent <totoro_0> stayed within acceptable think time.
2025-12-11 07:16:46,519 [BombeRLeWorld] INFO: STARTING STEP 24
2025-12-11 07:16:46,523 [BombeRLeWorld] INFO: Agent <rule_based_agent_1> chose action LEFT in 0.00s.
2025-12-11 07:16:46,524 [BombeRLeWorld] INFO: Agent <rule_based_agent_1> stayed within acceptable think time.
2025-12-11 07:16:46,524 [BombeRLeWorld] INFO: Agent <rule_based_agent_0> chose action UP in 0.00s.
2025-12-11 07:16:46,524 [BombeRLeWorld] INFO: Agent <rule_based_agent_0> stayed within acceptable think time.
2025-12-11 07:16:46,524 [BombeRLeWorld] INFO: Agent <totoro_1> chose action UP in 0.00s.
2025-12-11 07:16:46,524 [BombeRLeWorld] INFO: Agent <totoro_1> stayed within acceptable think time.
2025-12-11 07:16:46,524 [BombeRLeWorld] INFO: Agent <totoro_0> chose action DOWN in 0.00s.
2025-12-11 07:16:46,524 [BombeRLeWorld] INFO: Agent <totoro_0> stayed within acceptable think time.
2025-12-11 07:16:46,525 [BombeRLeWorld] INFO: Agent <rule_based_agent_1>'s bomb at (np.int64(13), np.int64(4)) explodes
2025-12-11 07:16:46,609 [BombeRLeWorld] INFO: STARTING STEP 25
2025-12-11 07:16:46,613 [BombeRLeWorld] INFO: Agent <rule_based_agent_0> chose action UP in 0.00s.
2025-12-11 07:16:46,613 [BombeRLeWorld] INFO: Agent <rule_based_agent_0> stayed within acceptable think time.
2025-12-11 07:16:46,613 [BombeRLeWorld] INFO: Agent <totoro_1> chose action DOWN in 0.00s.
2025-12-11 07:16:46,614 [BombeRLeWorld] INFO: Agent <totoro_1> stayed within acceptable think time.
2025-12-11 07:16:46,614 [BombeRLeWorld] INFO: Agent <rule_based_agent_1> chose action None in 0.00s.
2025-12-11 07:16:46,614 [BombeRLeWorld] INFO: Agent <rule_based_agent_1> stayed within acceptable think time.
2025-12-11 07:16:46,614 [BombeRLeWorld] INFO: Agent <totoro_0> chose action UP in 0.00s.
2025-12-11 07:16:46,614 [BombeRLeWorld] INFO: Agent <totoro_0> stayed within acceptable think time.
2025-12-11 07:16:46,733 [BombeRLeWorld] INFO: STARTING STEP 26
2025-12-11 07:16:46,736 [BombeRLeWorld] INFO: Agent <rule_based_agent_1> chose action RIGHT in 0.00s.
2025-12-11 07:16:46,737 [BombeRLeWorld] INFO: Agent <rule_based_agent_1> stayed within acceptable think time.
2025-12-11 07:16:46,737 [BombeRLeWorld] INFO: Agent <rule_based_agent_0> chose action BOMB in 0.00s.
2025-12-11 07:16:46,737 [BombeRLeWorld] INFO: Agent <rule_based_agent_0> stayed within acceptable think time.
2025-12-11 07:16:46,737 [BombeRLeWorld] INFO: Agent <rule_based_agent_0> drops bomb at (np.int64(11), np.int64(11))
2025-12-11 07:16:46,737 [BombeRLeWorld] INFO: Agent <totoro_1> chose action UP in 0.00s.
2025-12-11 07:16:46,738 [BombeRLeWorld] INFO: Agent <totoro_1> stayed within acceptable think time.
2025-12-11 07:16:46,738 [BombeRLeWorld] INFO: Agent <totoro_0> chose action UP in 0.00s.
2025-12-11 07:16:46,738 [BombeRLeWorld] INFO: Agent <totoro_0> stayed within acceptable think time.
2025-12-11 07:16:46,807 [BombeRLeWorld] INFO: STARTING STEP 27
2025-12-11 07:16:46,811 [BombeRLeWorld] INFO: Agent <rule_based_agent_0> chose action DOWN in 0.00s.
2025-12-11 07:16:46,811 [BombeRLeWorld] INFO: Agent <rule_based_agent_0> stayed within acceptable think time.
2025-12-11 07:16:46,812 [BombeRLeWorld] INFO: Agent <rule_based_agent_1> chose action LEFT in 0.00s.
2025-12-11 07:16:46,812 [BombeRLeWorld] INFO: Agent <rule_based_agent_1> stayed within acceptable think time.
2025-12-11 07:16:46,812 [BombeRLeWorld] INFO: Agent <totoro_1> chose action DOWN in 0.00s.
2025-12-11 07:16:46,812 [BombeRLeWorld] INFO: Agent <totoro_1> stayed within acceptable think time.
2025-12-11 07:16:46,812 [BombeRLeWorld] INFO: Agent <totoro_0> chose action UP in 0.00s.
2025-12-11 07:16:46,812 [BombeRLeWorld] INFO: Agent <totoro_0> stayed within acceptable think time.
2025-12-11 07:16:46,900 [BombeRLeWorld] INFO: STARTING STEP 28
2025-12-11 07:16:46,903 [BombeRLeWorld] INFO: Agent <rule_based_agent_0> chose action DOWN in 0.00s.
2025-12-11 07:16:46,903 [BombeRLeWorld] INFO: Agent <rule_based_agent_0> stayed within acceptable think time.
2025-12-11 07:16:46,904 [BombeRLeWorld] INFO: Agent <totoro_1> chose action UP in 0.00s.
2025-12-11 07:16:46,904 [BombeRLeWorld] INFO: Agent <totoro_1> stayed within acceptable think time.
2025-12-11 07:16:46,904 [BombeRLeWorld] INFO: Agent <rule_based_agent_1> chose action BOMB in 0.00s.
2025-12-11 07:16:46,904 [BombeRLeWorld] INFO: Agent <rule_based_agent_1> stayed within acceptable think time.
2025-12-11 07:16:46,904 [BombeRLeWorld] INFO: Agent <rule_based_agent_1> drops bomb at (np.int64(12), np.int64(3))
2025-12-11 07:16:46,904 [BombeRLeWorld] INFO: Agent <totoro_0> chose action DOWN in 0.00s.
2025-12-11 07:16:46,905 [BombeRLeWorld] INFO: Agent <totoro_0> stayed within acceptable think time.
2025-12-11 07:16:47,022 [BombeRLeWorld] INFO: STARTING STEP 29
2025-12-11 07:16:47,025 [BombeRLeWorld] INFO: Agent <rule_based_agent_0> chose action RIGHT in 0.00s.
2025-12-11 07:16:47,025 [BombeRLeWorld] INFO: Agent <rule_based_agent_0> stayed within acceptable think time.
2025-12-11 07:16:47,025 [BombeRLeWorld] INFO: Agent <totoro_0> chose action DOWN in 0.00s.
2025-12-11 07:16:47,026 [BombeRLeWorld] INFO: Agent <totoro_0> stayed within acceptable think time.
2025-12-11 07:16:47,026 [BombeRLeWorld] INFO: Agent <totoro_1> chose action RIGHT in 0.00s.
2025-12-11 07:16:47,026 [BombeRLeWorld] INFO: Agent <totoro_1> stayed within acceptable think time.
2025-12-11 07:16:47,026 [BombeRLeWorld] INFO: Agent <rule_based_agent_1> chose action RIGHT in 0.00s.
2025-12-11 07:16:47,026 [BombeRLeWorld] INFO: Agent <rule_based_agent_1> stayed within acceptable think time.
2025-12-11 07:16:47,114 [BombeRLeWorld] INFO: STARTING STEP 30
2025-12-11 07:16:47,119 [BombeRLeWorld] INFO: Agent <totoro_1> chose action LEFT in 0.00s.
2025-12-11 07:16:47,119 [BombeRLeWorld] INFO: Agent <totoro_1> stayed within acceptable think time.
2025-12-11 07:16:47,119 [BombeRLeWorld] INFO: Agent <totoro_0> chose action DOWN in 0.00s.
2025-12-11 07:16:47,119 [BombeRLeWorld] INFO: Agent <totoro_0> stayed within acceptable think time.
2025-12-11 07:16:47,120 [BombeRLeWorld] INFO: Agent <rule_based_agent_1> chose action DOWN in 0.00s.
2025-12-11 07:16:47,120 [BombeRLeWorld] INFO: Agent <rule_based_agent_1> stayed within acceptable think time.
2025-12-11 07:16:47,120 [BombeRLeWorld] INFO: Agent <rule_based_agent_0> chose action RIGHT in 0.00s.
2025-12-11 07:16:47,120 [BombeRLeWorld] INFO: Agent <rule_based_agent_0> stayed within acceptable think time.
2025-12-11 07:16:47,120 [BombeRLeWorld] INFO: Agent <rule_based_agent_0>'s bomb at (np.int64(11), np.int64(11)) explodes
2025-12-11 07:16:47,257 [BombeRLeWorld] INFO: STARTING STEP 31
2025-12-11 07:16:47,261 [BombeRLeWorld] INFO: Agent <rule_based_agent_1> chose action DOWN in 0.00s.
2025-12-11 07:16:47,261 [BombeRLeWorld] INFO: Agent <rule_based_agent_1> stayed within acceptable think time.
2025-12-11 07:16:47,261 [BombeRLeWorld] INFO: Agent <totoro_1> chose action RIGHT in 0.00s.
2025-12-11 07:16:47,261 [BombeRLeWorld] INFO: Agent <totoro_1> stayed within acceptable think time.
2025-12-11 07:16:47,261 [BombeRLeWorld] INFO: Agent <totoro_0> chose action UP in 0.00s.
2025-12-11 07:16:47,262 [BombeRLeWorld] INFO: Agent <totoro_0> stayed within acceptable think time.
2025-12-11 07:16:47,262 [BombeRLeWorld] INFO: Agent <rule_based_agent_0> chose action RIGHT in 0.00s.
2025-12-11 07:16:47,262 [BombeRLeWorld] INFO: Agent <rule_based_agent_0> stayed within acceptable think time.
2025-12-11 07:16:47,312 [BombeRLeWorld] INFO: STARTING STEP 32
2025-12-11 07:16:47,316 [BombeRLeWorld] INFO: Agent <rule_based_agent_0> chose action RIGHT in 0.00s.
2025-12-11 07:16:47,316 [BombeRLeWorld] INFO: Agent <rule_based_agent_0> stayed within acceptable think time.
2025-12-11 07:16:47,317 [BombeRLeWorld] INFO: Agent <totoro_0> chose action DOWN in 0.00s.
2025-12-11 07:16:47,317 [BombeRLeWorld] INFO: Agent <totoro_0> stayed within acceptable think time.
2025-12-11 07:16:47,317 [BombeRLeWorld] INFO: Agent <rule_based_agent_1> chose action DOWN in 0.00s.
2025-12-11 07:16:47,317 [BombeRLeWorld] INFO: Agent <rule_based_agent_1> stayed within acceptable think time.
2025-12-11 07:16:47,317 [BombeRLeWorld] INFO: Agent <totoro_1> chose action LEFT in 0.00s.
2025-12-11 07:16:47,317 [BombeRLeWorld] INFO: Agent <totoro_1> stayed within acceptable think time.
2025-12-11 07:16:47,317 [BombeRLeWorld] INFO: Agent <rule_based_agent_1>'s bomb at (np.int64(12), np.int64(3)) explodes
2025-12-11 07:16:47,451 [BombeRLeWorld] INFO: STARTING STEP 33
2025-12-11 07:16:47,455 [BombeRLeWorld] INFO: Agent <rule_based_agent_0> chose action UP in 0.00s.
2025-12-11 07:16:47,455 [BombeRLeWorld] INFO: Agent <rule_based_agent_0> stayed within acceptable think time.
2025-12-11 07:16:47,456 [BombeRLeWorld] INFO: Agent <totoro_0> chose action UP in 0.00s.
2025-12-11 07:16:47,456 [BombeRLeWorld] INFO: Agent <totoro_0> stayed within acceptable think time.
2025-12-11 07:16:47,456 [BombeRLeWorld] INFO: Agent <totoro_1> chose action RIGHT in 0.00s.
2025-12-11 07:16:47,456 [BombeRLeWorld] INFO: Agent <totoro_1> stayed within acceptable think time.
2025-12-11 07:16:47,456 [BombeRLeWorld] INFO: Agent <rule_based_agent_1> chose action UP in 0.00s.
2025-12-11 07:16:47,456 [BombeRLeWorld] INFO: Agent <rule_based_agent_1> stayed within acceptable think time.
2025-12-11 07:16:47,557 [BombeRLeWorld] INFO: STARTING STEP 34
2025-12-11 07:16:47,560 [BombeRLeWorld] INFO: Agent <rule_based_agent_1> chose action LEFT in 0.00s.
2025-12-11 07:16:47,560 [BombeRLeWorld] INFO: Agent <rule_based_agent_1> stayed within acceptable think time.
2025-12-11 07:16:47,560 [BombeRLeWorld] INFO: Agent <rule_based_agent_0> chose action UP in 0.00s.
2025-12-11 07:16:47,560 [BombeRLeWorld] INFO: Agent <rule_based_agent_0> stayed within acceptable think time.
2025-12-11 07:16:47,561 [BombeRLeWorld] INFO: Agent <totoro_1> chose action LEFT in 0.00s.
2025-12-11 07:16:47,561 [BombeRLeWorld] INFO: Agent <totoro_1> stayed within acceptable think time.
2025-12-11 07:16:47,561 [BombeRLeWorld] INFO: Agent <totoro_0> chose action UP in 0.00s.
2025-12-11 07:16:47,561 [BombeRLeWorld] INFO: Agent <totoro_0> stayed within acceptable think time.
2025-12-11 07:16:47,641 [BombeRLeWorld] INFO: STARTING STEP 35
2025-12-11 07:16:47,644 [BombeRLeWorld] INFO: Agent <rule_based_agent_0> chose action UP in 0.00s.
2025-12-11 07:16:47,644 [BombeRLeWorld] INFO: Agent <rule_based_agent_0> stayed within acceptable think time.
2025-12-11 07:16:47,645 [BombeRLeWorld] INFO: Agent <totoro_1> chose action DOWN in 0.00s.
2025-12-11 07:16:47,645 [BombeRLeWorld] INFO: Agent <totoro_1> stayed within acceptable think time.
2025-12-11 07:16:47,645 [BombeRLeWorld] INFO: Agent <rule_based_agent_1> chose action BOMB in 0.00s.
2025-12-11 07:16:47,645 [BombeRLeWorld] INFO: Agent <rule_based_agent_1> stayed within acceptable think time.
2025-12-11 07:16:47,645 [BombeRLeWorld] INFO: Agent <rule_based_agent_1> drops bomb at (np.int64(12), np.int64(5))
2025-12-11 07:16:47,645 [BombeRLeWorld] INFO: Agent <totoro_0> chose action UP in 0.00s.
2025-12-11 07:16:47,645 [BombeRLeWorld] INFO: Agent <totoro_0> stayed within acceptable think time.
2025-12-11 07:16:47,730 [BombeRLeWorld] INFO: STARTING STEP 36
2025-12-11 07:16:47,735 [BombeRLeWorld] INFO: Agent <rule_based_agent_1> chose action RIGHT in 0.00s.
2025-12-11 07:16:47,735 [BombeRLeWorld] INFO: Agent <rule_based_agent_1> stayed within acceptable think time.
2025-12-11 07:16:47,735 [BombeRLeWorld] INFO: Agent <totoro_0> chose action DOWN in 0.00s.
2025-12-11 07:16:47,735 [BombeRLeWorld] INFO: Agent <totoro_0> stayed within acceptable think time.
2025-12-11 07:16:47,735 [BombeRLeWorld] INFO: Agent <totoro_1> chose action UP in 0.00s.
2025-12-11 07:16:47,735 [BombeRLeWorld] INFO: Agent <totoro_1> stayed within acceptable think time.
2025-12-11 07:16:47,736 [BombeRLeWorld] INFO: Agent <rule_based_agent_0> chose action UP in 0.00s.
2025-12-11 07:16:47,736 [BombeRLeWorld] INFO: Agent <rule_based_agent_0> stayed within acceptable think time.
2025-12-11 07:16:47,794 [BombeRLeWorld] INFO: STARTING STEP 37
2025-12-11 07:16:47,797 [BombeRLeWorld] INFO: Agent <rule_based_agent_0> chose action BOMB in 0.00s.
2025-12-11 07:16:47,798 [BombeRLeWorld] INFO: Agent <rule_based_agent_0> stayed within acceptable think time.
2025-12-11 07:16:47,798 [BombeRLeWorld] INFO: Agent <rule_based_agent_0> drops bomb at (np.int64(15), np.int64(9))
2025-12-11 07:16:47,798 [BombeRLeWorld] INFO: Agent <totoro_0> chose action UP in 0.00s.
2025-12-11 07:16:47,798 [BombeRLeWorld] INFO: Agent <totoro_0> stayed within acceptable think time.
2025-12-11 07:16:47,798 [BombeRLeWorld] INFO: Agent <totoro_1> chose action RIGHT in 0.00s.
2025-12-11 07:16:47,798 [BombeRLeWorld] INFO: Agent <totoro_1> stayed within acceptable think time.
2025-12-11 07:16:47,798 [BombeRLeWorld] INFO: Agent <rule_based_agent_1> chose action DOWN in 0.00s.
2025-12-11 07:16:47,799 [BombeRLeWorld] INFO: Agent <rule_based_agent_1> stayed within acceptable think time.
2025-12-11 07:16:47,931 [BombeRLeWorld] INFO: STARTING STEP 38
2025-12-11 07:16:47,935 [BombeRLeWorld] INFO: Agent <totoro_0> chose action DOWN in 0.00s.
2025-12-11 07:16:47,935 [BombeRLeWorld] INFO: Agent <totoro_0> stayed within acceptable think time.
2025-12-11 07:16:47,935 [BombeRLeWorld] INFO: Agent <rule_based_agent_1> chose action DOWN in 0.00s.
2025-12-11 07:16:47,935 [BombeRLeWorld] INFO: Agent <rule_based_agent_1> stayed within acceptable think time.
2025-12-11 07:16:47,936 [BombeRLeWorld] INFO: Agent <rule_based_agent_0> chose action DOWN in 0.00s.
2025-12-11 07:16:47,936 [BombeRLeWorld] INFO: Agent <rule_based_agent_0> stayed within acceptable think time.
2025-12-11 07:16:47,936 [BombeRLeWorld] INFO: Agent <totoro_1> chose action LEFT in 0.00s.
2025-12-11 07:16:47,936 [BombeRLeWorld] INFO: Agent <totoro_1> stayed within acceptable think time.
2025-12-11 07:16:48,028 [BombeRLeWorld] INFO: STARTING STEP 39
2025-12-11 07:16:48,032 [BombeRLeWorld] INFO: Agent <rule_based_agent_1> chose action UP in 0.00s.
2025-12-11 07:16:48,032 [BombeRLeWorld] INFO: Agent <rule_based_agent_1> stayed within acceptable think time.
2025-12-11 07:16:48,032 [BombeRLeWorld] INFO: Agent <totoro_0> chose action UP in 0.00s.
2025-12-11 07:16:48,032 [BombeRLeWorld] INFO: Agent <totoro_0> stayed within acceptable think time.
2025-12-11 07:16:48,032 [BombeRLeWorld] INFO: Agent <rule_based_agent_0> chose action DOWN in 0.00s.
2025-12-11 07:16:48,033 [BombeRLeWorld] INFO: Agent <rule_based_agent_0> stayed within acceptable think time.
2025-12-11 07:16:48,033 [BombeRLeWorld] INFO: Agent <totoro_1> chose action DOWN in 0.00s.
2025-12-11 07:16:48,033 [BombeRLeWorld] INFO: Agent <totoro_1> stayed within acceptable think time.
2025-12-11 07:16:48,033 [BombeRLeWorld] INFO: Agent <rule_based_agent_1>'s bomb at (np.int64(12), np.int64(5)) explodes
2025-12-11 07:16:48,133 [BombeRLeWorld] INFO: STARTING STEP 40
2025-12-11 07:16:48,138 [BombeRLeWorld] INFO: Agent <rule_based_agent_1> chose action DOWN in 0.00s.
2025-12-11 07:16:48,138 [BombeRLeWorld] INFO: Agent <rule_based_agent_1> stayed within acceptable think time.
2025-12-11 07:16:48,138 [BombeRLeWorld] INFO: Agent <totoro_0> chose action DOWN in 0.00s.
2025-12-11 07:16:48,138 [BombeRLeWorld] INFO: Agent <totoro_0> stayed within acceptable think time.
2025-12-11 07:16:48,139 [BombeRLeWorld] INFO: Agent <totoro_1> chose action UP in 0.00s.
2025-12-11 07:16:48,139 [BombeRLeWorld] INFO: Agent <totoro_1> stayed within acceptable think time.
2025-12-11 07:16:48,139 [BombeRLeWorld] INFO: Agent <rule_based_agent_0> chose action LEFT in 0.00s.
2025-12-11 07:16:48,139 [BombeRLeWorld] INFO: Agent <rule_based_agent_0> stayed within acceptable think time.
2025-12-11 07:16:48,216 [BombeRLeWorld] INFO: STARTING STEP 41
2025-12-11 07:16:48,219 [BombeRLeWorld] INFO: Agent <totoro_0> chose action UP in 0.00s.
2025-12-11 07:16:48,219 [BombeRLeWorld] INFO: Agent <totoro_0> stayed within acceptable think time.
2025-12-11 07:16:48,219 [BombeRLeWorld] INFO: Agent <totoro_1> chose action RIGHT in 0.00s.
2025-12-11 07:16:48,220 [BombeRLeWorld] INFO: Agent <totoro_1> stayed within acceptable think time.
2025-12-11 07:16:48,220 [BombeRLeWorld] INFO: Agent <rule_based_agent_1> chose action LEFT in 0.00s.
2025-12-11 07:16:48,220 [BombeRLeWorld] INFO: Agent <rule_based_agent_1> stayed within acceptable think time.
2025-12-11 07:16:48,220 [BombeRLeWorld] INFO: Agent <rule_based_agent_0> chose action LEFT in 0.00s.
2025-12-11 07:16:48,220 [BombeRLeWorld] INFO: Agent <rule_based_agent_0> stayed within acceptable think time.
2025-12-11 07:16:48,220 [BombeRLeWorld] INFO: Agent <rule_based_agent_0>'s bomb at (np.int64(15), np.int64(9)) explodes
2025-12-11 07:16:48,307 [BombeRLeWorld] INFO: STARTING STEP 42
2025-12-11 07:16:48,311 [BombeRLeWorld] INFO: Agent <rule_based_agent_0> chose action LEFT in 0.00s.
2025-12-11 07:16:48,311 [BombeRLeWorld] INFO: Agent <rule_based_agent_0> stayed within acceptable think time.
2025-12-11 07:16:48,312 [BombeRLeWorld] INFO: Agent <totoro_1> chose action LEFT in 0.00s.
2025-12-11 07:16:48,312 [BombeRLeWorld] INFO: Agent <totoro_1> stayed within acceptable think time.
2025-12-11 07:16:48,312 [BombeRLeWorld] INFO: Agent <rule_based_agent_1> chose action BOMB in 0.00s.
2025-12-11 07:16:48,312 [BombeRLeWorld] INFO: Agent <rule_based_agent_1> stayed within acceptable think time.
2025-12-11 07:16:48,312 [BombeRLeWorld] INFO: Agent <rule_based_agent_1> drops bomb at (np.int64(12), np.int64(7))
2025-12-11 07:16:48,312 [BombeRLeWorld] INFO: Agent <totoro_0> chose action DOWN in 0.00s.
2025-12-11 07:16:48,312 [BombeRLeWorld] INFO: Agent <totoro_0> stayed within acceptable think time.
